
> society-management@1.0.0 dev
> vite --host 127.0.0.1 --port 5173


  [32m[1mVITE[22m v5.4.21[39m  [2mready in [0m[1m322[22m[2m[0m ms[22m

  [32m➜[39m  [1mLocal[22m:   [36mhttp://127.0.0.1:[1m5173[22m/[39m
[2m11:28:46 PM[22m [36m[1m[vite][22m[39m [32mhmr update [39m[2m/src/pages/Landing.jsx[22m
[2m11:28:55 PM[22m [36m[1m[vite][22m[39m [32mpage reload [39m[2mindex.html[22m
[2m11:29:05 PM[22m [36m[1m[vite][22m[39m [32mhmr update [39m[2m/src/App.css[22m
[2m11:29:19 PM[22m [36m[1m[vite][22m[39m [32mhmr update [39m[2m/src/App.css[22m
[2m11:29:50 PM[22m [36m[1m[vite][22m[39m [32mhmr update [39m[2m/src/App.css[22m
[2m11:29:56 PM[22m [36m[1m[vite][22m[39m [32mhmr update [39m[2m/src/App.css[22m
[2m11:36:43 PM[22m [36m[1m[vite][22m[39m [32m.env changed, restarting server...[39m
[2m11:36:43 PM[22m [36m[1m[vite][22m[39m server restarted.
[2m11:58:31 PM[22m [36m[1m[vite][22m[39m [32mvite.config.js changed, restarting server...[39m
[2m11:58:31 PM[22m [36m[1m[vite][22m[39m server restarted.

  [32m➜[39m  [1mLocal[22m:   [36mhttp://127.0.0.1:[1m5173[22m/society-managemen/[39m
[2m11:58:31 PM[22m [36m[1m[vite][22m[39m [32mvite.config.js changed, restarting server...[39m
[2m11:58:32 PM[22m [36m[1m[vite][22m[39m server restarted.
[2m12:02:45 AM[22m [36m[1m[vite][22m[39m [32mvite.config.js changed, restarting server...[39m
[2m12:02:45 AM[22m [36m[1m[vite][22m[39m server restarted.

  [32m➜[39m  [1mLocal[22m:   [36mhttp://127.0.0.1:[1m5173[22m/society-management/[39m
